// Jest Snapshot v1, https://jestjs.io/docs/snapshot-testing

exports[`DeleteComments delete some comments 1`] = `
[
  [
    {
      "query": "mutation DeleteComment(
  $input: DeleteCommentInput!
  $condition: ModelCommentConditionInput
) {
  deleteComment(input: $input, condition: $condition) {
    id
    parentId
    owner
    tenantId
    body
    author {
      id
      username
      cognitoId
      tenantId
      isPrimaryAdmin
      displayName
      name
      roles
      dateOfBirth
      riderResponsibility
      disabled
      createdAt
      updatedAt
      _version
      _deleted
      _lastChangedAt
      __typename
    }
    visibility
    archived
    createdAt
    updatedAt
    _version
    _deleted
    _lastChangedAt
    userCommentsId
    __typename
  }
}
",
      "variables": {
        "input": {
          "_version": 2,
          "id": 0,
        },
      },
    },
    "https://api.example.com/graphql",
  ],
  [
    {
      "query": "mutation DeleteComment(
  $input: DeleteCommentInput!
  $condition: ModelCommentConditionInput
) {
  deleteComment(input: $input, condition: $condition) {
    id
    parentId
    owner
    tenantId
    body
    author {
      id
      username
      cognitoId
      tenantId
      isPrimaryAdmin
      displayName
      name
      roles
      dateOfBirth
      riderResponsibility
      disabled
      createdAt
      updatedAt
      _version
      _deleted
      _lastChangedAt
      __typename
    }
    visibility
    archived
    createdAt
    updatedAt
    _version
    _deleted
    _lastChangedAt
    userCommentsId
    __typename
  }
}
",
      "variables": {
        "input": {
          "_version": 2,
          "id": 1,
        },
      },
    },
    "https://api.example.com/graphql",
  ],
  [
    {
      "query": "mutation DeleteComment(
  $input: DeleteCommentInput!
  $condition: ModelCommentConditionInput
) {
  deleteComment(input: $input, condition: $condition) {
    id
    parentId
    owner
    tenantId
    body
    author {
      id
      username
      cognitoId
      tenantId
      isPrimaryAdmin
      displayName
      name
      roles
      dateOfBirth
      riderResponsibility
      disabled
      createdAt
      updatedAt
      _version
      _deleted
      _lastChangedAt
      __typename
    }
    visibility
    archived
    createdAt
    updatedAt
    _version
    _deleted
    _lastChangedAt
    userCommentsId
    __typename
  }
}
",
      "variables": {
        "input": {
          "_version": 2,
          "id": 2,
        },
      },
    },
    "https://api.example.com/graphql",
  ],
  [
    {
      "query": "mutation DeleteComment(
  $input: DeleteCommentInput!
  $condition: ModelCommentConditionInput
) {
  deleteComment(input: $input, condition: $condition) {
    id
    parentId
    owner
    tenantId
    body
    author {
      id
      username
      cognitoId
      tenantId
      isPrimaryAdmin
      displayName
      name
      roles
      dateOfBirth
      riderResponsibility
      disabled
      createdAt
      updatedAt
      _version
      _deleted
      _lastChangedAt
      __typename
    }
    visibility
    archived
    createdAt
    updatedAt
    _version
    _deleted
    _lastChangedAt
    userCommentsId
    __typename
  }
}
",
      "variables": {
        "input": {
          "_version": 2,
          "id": 3,
        },
      },
    },
    "https://api.example.com/graphql",
  ],
  [
    {
      "query": "mutation DeleteComment(
  $input: DeleteCommentInput!
  $condition: ModelCommentConditionInput
) {
  deleteComment(input: $input, condition: $condition) {
    id
    parentId
    owner
    tenantId
    body
    author {
      id
      username
      cognitoId
      tenantId
      isPrimaryAdmin
      displayName
      name
      roles
      dateOfBirth
      riderResponsibility
      disabled
      createdAt
      updatedAt
      _version
      _deleted
      _lastChangedAt
      __typename
    }
    visibility
    archived
    createdAt
    updatedAt
    _version
    _deleted
    _lastChangedAt
    userCommentsId
    __typename
  }
}
",
      "variables": {
        "input": {
          "_version": 2,
          "id": 4,
        },
      },
    },
    "https://api.example.com/graphql",
  ],
]
`;
